vitest.config.ts (1:282) [33m[UNRESOLVED_IMPORT] Warning:[0m Could not resolve 'vitest/config' in vitest.config.ts
   [38;5;246m╭[0m[38;5;246m─[0m[38;5;246m[[0m vitest.config.ts:1:283 [38;5;246m][0m
   [38;5;246m│[0m
 [38;5;246m1 │[0m [38;5;249mc[0m[38;5;249mo[0m[38;5;249mn[0m[38;5;249ms[0m[38;5;249mt[0m[38;5;249m [0m[38;5;249m_[0m[38;5;249m_[0m[38;5;249mv[0m[38;5;249mi[0m[38;5;249mt[0m[38;5;249me[0m[38;5;249m_[0m[38;5;249mi[0m[38;5;249mn[0m[38;5;249mj[0m[38;5;249me[0m[38;5;249mc[0m[38;5;249mt[0m[38;5;249me[0m[38;5;249md[0m[38;5;249m_[0m[38;5;249mo[0m[38;5;249mr[0m[38;5;249mi[0m[38;5;249mg[0m[38;5;249mi[0m[38;5;249mn[0m[38;5;249ma[0m[38;5;249ml[0m[38;5;249m_[0m[38;5;249md[0m[38;5;249mi[0m[38;5;249mr[0m[38;5;249mn[0m[38;5;249ma[0m[38;5;249mm[0m[38;5;249me[0m[38;5;249m [0m[38;5;249m=[0m[38;5;249m [0m[38;5;249m"[0m[38;5;249mD[0m[38;5;249m:[0m[38;5;249m\[0m[38;5;249m\[0m[38;5;249mw[0m[38;5;249mo[0m[38;5;249mr[0m[38;5;249mk[0m[38;5;249m\[0m[38;5;249m\[0m[38;5;249ms[0m[38;5;249me[0m[38;5;249ml[0m[38;5;249mf[0m[38;5;249m\[0m[38;5;249m\[0m[38;5;249mi[0m[38;5;249mc[0m[38;5;249me[0m[38;5;249mC[0m[38;5;249mo[0m[38;5;249md[0m[38;5;249me[0m[38;5;249mr[0m[38;5;249m"[0m[38;5;249m;[0m[38;5;249mc[0m[38;5;249mo[0m[38;5;249mn[0m[38;5;249ms[0m[38;5;249mt[0m[38;5;249m [0m[38;5;249m_[0m[38;5;249m_[0m[38;5;249mv[0m[38;5;249mi[0m[38;5;249mt[0m[38;5;249me[0m[38;5;249m_[0m[38;5;249mi[0m[38;5;249mn[0m[38;5;249mj[0m[38;5;249me[0m[38;5;249mc[0m[38;5;249mt[0m[38;5;249me[0m[38;5;249md[0m[38;5;249m_[0m[38;5;249mo[0m[38;5;249mr[0m[38;5;249mi[0m[38;5;249mg[0m[38;5;249mi[0m[38;5;249mn[0m[38;5;249ma[0m[38;5;249ml[0m[38;5;249m_[0m[38;5;249mf[0m[38;5;249mi[0m[38;5;249ml[0m[38;5;249me[0m[38;5;249mn[0m[38;5;249ma[0m[38;5;249mm[0m[38;5;249me[0m[38;5;249m [0m[38;5;249m=[0m[38;5;249m [0m[38;5;249m"[0m[38;5;249mD[0m[38;5;249m:[0m[38;5;249m\[0m[38;5;249m\[0m[38;5;249mw[0m[38;5;249mo[0m[38;5;249mr[0m[38;5;249mk[0m[38;5;249m\[0m[38;5;249m\[0m[38;5;249ms[0m[38;5;249me[0m[38;5;249ml[0m[38;5;249mf[0m[38;5;249m\[0m[38;5;249m\[0m[38;5;249mi[0m[38;5;249mc[0m[38;5;249me[0m[38;5;249mC[0m[38;5;249mo[0m[38;5;249md[0m[38;5;249me[0m[38;5;249mr[0m[38;5;249m\[0m[38;5;249m\[0m[38;5;249mv[0m[38;5;249mi[0m[38;5;249mt[0m[38;5;249me[0m[38;5;249ms[0m[38;5;249mt[0m[38;5;249m.[0m[38;5;249mc[0m[38;5;249mo[0m[38;5;249mn[0m[38;5;249mf[0m[38;5;249mi[0m[38;5;249mg[0m[38;5;249m.[0m[38;5;249mt[0m[38;5;249ms[0m[38;5;249m"[0m[38;5;249m;[0m[38;5;249mc[0m[38;5;249mo[0m[38;5;249mn[0m[38;5;249ms[0m[38;5;249mt[0m[38;5;249m [0m[38;5;249m_[0m[38;5;249m_[0m[38;5;249mv[0m[38;5;249mi[0m[38;5;249mt[0m[38;5;249me[0m[38;5;249m_[0m[38;5;249mi[0m[38;5;249mn[0m[38;5;249mj[0m[38;5;249me[0m[38;5;249mc[0m[38;5;249mt[0m[38;5;249me[0m[38;5;249md[0m[38;5;249m_[0m[38;5;249mo[0m[38;5;249mr[0m[38;5;249mi[0m[38;5;249mg[0m[38;5;249mi[0m[38;5;249mn[0m[38;5;249ma[0m[38;5;249ml[0m[38;5;249m_[0m[38;5;249mi[0m[38;5;249mm[0m[38;5;249mp[0m[38;5;249mo[0m[38;5;249mr[0m[38;5;249mt[0m[38;5;249m_[0m[38;5;249mm[0m[38;5;249me[0m[38;5;249mt[0m[38;5;249ma[0m[38;5;249m_[0m[38;5;249mu[0m[38;5;249mr[0m[38;5;249ml[0m[38;5;249m [0m[38;5;249m=[0m[38;5;249m [0m[38;5;249m"[0m[38;5;249mf[0m[38;5;249mi[0m[38;5;249ml[0m[38;5;249me[0m[38;5;249m:[0m[38;5;249m/[0m[38;5;249m/[0m[38;5;249m/[0m[38;5;249mD[0m[38;5;249m:[0m[38;5;249m/[0m[38;5;249mw[0m[38;5;249mo[0m[38;5;249mr[0m[38;5;249mk[0m[38;5;249m/[0m[38;5;249ms[0m[38;5;249me[0m[38;5;249ml[0m[38;5;249mf[0m[38;5;249m/[0m[38;5;249mi[0m[38;5;249mc[0m[38;5;249me[0m[38;5;249mC[0m[38;5;249mo[0m[38;5;249md[0m[38;5;249me[0m[38;5;249mr[0m[38;5;249m/[0m[38;5;249mv[0m[38;5;249mi[0m[38;5;249mt[0m[38;5;249me[0m[38;5;249ms[0m[38;5;249mt[0m[38;5;249m.[0m[38;5;249mc[0m[38;5;249mo[0m[38;5;249mn[0m[38;5;249mf[0m[38;5;249mi[0m[38;5;249mg[0m[38;5;249m.[0m[38;5;249mt[0m[38;5;249ms[0m[38;5;249m"[0m[38;5;249m;[0m[38;5;249mi[0m[38;5;249mm[0m[38;5;249mp[0m[38;5;249mo[0m[38;5;249mr[0m[38;5;249mt[0m[38;5;249m [0m[38;5;249m{[0m[38;5;249m [0m[38;5;249md[0m[38;5;249me[0m[38;5;249mf[0m[38;5;249mi[0m[38;5;249mn[0m[38;5;249me[0m[38;5;249mC[0m[38;5;249mo[0m[38;5;249mn[0m[38;5;249mf[0m[38;5;249mi[0m[38;5;249mg[0m[38;5;249m [0m[38;5;249m}[0m[38;5;249m [0m[38;5;249mf[0m[38;5;249mr[0m[38;5;249mo[0m[38;5;249mm[0m[38;5;249m [0m'vitest/config'[38;5;249m;[0m
 [38;5;240m  │[0m                                                                                                                                                                                                                                                                                           ───────┬───────  
 [38;5;240m  │[0m                                                                                                                                                                                                                                                                                                  ╰───────── Module not found, treating it as an external dependency
[38;5;246m───╯[0m

[31mfailed to load config from D:\work\self\iceCoder\vitest.config.ts[39m

⎯⎯⎯⎯⎯⎯⎯ Startup Error ⎯⎯⎯⎯⎯⎯⎯⎯
Error [ERR_MODULE_NOT_FOUND]: Cannot find package 'vitest' imported from D:\work\self\iceCoder\node_modules\.vite-temp\vitest.config.ts.timestamp-1778061376668-b72a4757d27fa.mjs
    at Object.getPackageJSONURL (node:internal/modules/package_json_reader:316:9)
    at packageResolve (node:internal/modules/esm/resolve:768:81)
    at moduleResolve (node:internal/modules/esm/resolve:858:18)
    at defaultResolve (node:internal/modules/esm/resolve:990:11)
    at #cachedDefaultResolve (node:internal/modules/esm/loader:718:20)
    at #resolveAndMaybeBlockOnLoaderThread (node:internal/modules/esm/loader:735:38)
    at ModuleLoader.resolveSync (node:internal/modules/esm/loader:764:52)
    at #resolve (node:internal/modules/esm/loader:700:17)
    at ModuleLoader.getOrCreateModuleJob (node:internal/modules/esm/loader:620:35)
    at ModuleJob.syncLink (node:internal/modules/esm/module_job:143:33) {
  code: 'ERR_MODULE_NOT_FOUND'
}



